exports[`Header show header information" 1`] = `
<header>
  <div
    className="ls-topbar">
    <div
      className="ls-notification-topbar">
      <div
        className="ls-alerts-list">
        <a
          className="ls-ico-bell-o"
          data-counter="8"
          data-ls-module="topbarCurtain"
          data-target="#ls-notification-curtain"
          href="#">
          <span>
            Notificações
          </span>
        </a>
        <a
          className="ls-ico-bullhorn"
          data-ls-module="topbarCurtain"
          data-target="#ls-help-curtain"
          href="#">
          <span>
            Ajuda
          </span>
        </a>
        <a
          className="ls-ico-question"
          data-ls-module="topbarCurtain"
          data-target="#ls-feedback-curtain"
          href="#">
          <span>
            Sugestões
          </span>
        </a>
      </div>
      <div
        className="ls-dropdown ls-user-account"
        data-ls-module="dropdown">
        <a
          className="ls-ico-user"
          href="#">
          <img
            alt=""
            src="http://fakeimg.pl/50/" />
          <span
            className="ls-name">
            Tray E-commerce
          </span>
           (trayuser)
        </a>
        <nav
          className="ls-dropdown-nav ls-user-menu">
          <ul>
            <li>
              <a
                href="#">
                Meus dados
              </a>
            </li>
            <li>
              <a
                href="#">
                Faturas
              </a>
            </li>
            <li>
              <a
                href="#">
                Planos
              </a>
            </li>
            <li>
              <a
                href="#">
                Sair
              </a>
            </li>
          </ul>
        </nav>
      </div>
    </div>
    <span
      className="ls-show-sidebar ls-ico-menu" />
    <a
      className="ls-go-next"
      href="#">
      <span
        className="ls-text">
        Voltar à lista de serviços
      </span>
    </a>
    <h1
      className="ls-brand-name">
      <a
        className="ls-ico-earth"
        href="home">
        <small>
          Light
        </small>
        Tray E-commerce Store
      </a>
    </h1>
  </div>
  <aside
    className="ls-notification">
    <nav
      className="ls-notification-list"
      id="ls-notification-curtain">
      <h3
        className="ls-title-2">
        Notificações
      </h3>
      <ul>
        <li
          className="ls-dismissable">
          <a
            href="#">
            Blanditiis est est dolorem iure voluptatem eos deleniti repellat et laborum consequatur
          </a>
          <a
            className="ls-ico-close ls-close-notification"
            data-ls-module="dismiss"
            href="#" />
        </li>
        <li
          className="ls-dismissable">
          <a
            href="#">
            Similique eos rerum perferendis voluptatibus
          </a>
          <a
            className="ls-ico-close ls-close-notification"
            data-ls-module="dismiss"
            href="#" />
        </li>
        <li
          className="ls-dismissable">
          <a
            href="#">
            Qui numquam iusto suscipit nisi qui unde
          </a>
          <a
            className="ls-ico-close ls-close-notification"
            data-ls-module="dismiss"
            href="#" />
        </li>
        <li
          className="ls-dismissable">
          <a
            href="#">
            Nisi aut assumenda dignissimos qui ea in deserunt quo deleniti dolorum quo et consequatur
          </a>
          <a
            className="ls-ico-close ls-close-notification"
            data-ls-module="dismiss"
            href="#" />
        </li>
        <li
          className="ls-dismissable">
          <a
            href="#">
            Sunt consequuntur aut aut a molestiae veritatis assumenda voluptas nam placeat eius ad
          </a>
          <a
            className="ls-ico-close ls-close-notification"
            data-ls-module="dismiss"
            href="#" />
        </li>
      </ul>
    </nav>
    <nav
      className="ls-notification-list"
      id="ls-help-curtain">
      <h3
        className="ls-title-2">
        Feedback
      </h3>
      <ul>
        <li>
          <a
            href="#">
            > quo fugiat facilis nulla perspiciatis consequatur
          </a>
        </li>
        <li>
          <a
            href="#">
            > enim et labore repellat enim debitis
          </a>
        </li>
      </ul>
    </nav>
    <nav
      className="ls-notification-list"
      id="ls-feedback-curtain">
      <h3
        className="ls-title-2">
        Ajuda
      </h3>
      <ul>
        <li
          className="ls-txt-center hidden-xs">
          <a
            className="ls-btn-dark ls-btn-tour"
            href="#">
            Fazer um Tour
          </a>
        </li>
        <li>
          <a
            href="#">
            > Guia
          </a>
        </li>
        <li>
          <a
            href="#">
            > Wiki
          </a>
        </li>
      </ul>
    </nav>
  </aside>
</header>
`;
