exports[`Items Empty show component 1`] = `
<div>
  <div
    className="ls-lg-margin-bottom">
    <h2
      className="ls-title-5">
      Você ainda não possui itens cadastrados.
    </h2>
  </div>
  <div
    className="ls-box ls-lg-space">
    <h3
      className="ls-title-3 ls-sm-margin-bottom">
      Inclua seu primeiro item
    </h3>
    <p
      className="ls-md-margin-bottom">
      Mussum ipsum cacilds, vidis litro abertis. Consetis adipiscings elitis. Pra lá , depois divoltis porris, paradis. Paisis, filhis, espiritis santis. Mé faiz elementum girarzis, nisi eros vermeio, in elementis mé pra quem é amistosis quis leo. Manduma pindureta quium dia nois paga.
    </p>
    <a
      className="ls-btn-primary ls-sm-margin-top"
      id="btn-action"
      onClick={[Function bound handleClick]}
      style={Object {}}>
      Incluir item
    </a>
    <button
      className="ls-btn ls-sm-margin-top"
      data-target="#btn-default, #btn-default-disabled"
      data-toggle-class="ls-display-none"
      id="btn-default"
      onClick={undefined}>
      Carregar itens
    </button>
    <button
      className="ls-btn ls-sm-margin-top ls-disabled ls-display-none"
      id="btn-default-disabled">
      Aguarde, carregando itens...
    </button>
  </div>
</div>
`;
